ASxxxx Linker V03.00 + NoICE + sdld,  page 1.
Hexadecimal  [32-Bits]

Area                                    Addr        Size        Decimal Bytes (Attributes)
--------------------------------        ----        ----        ------- ----- ------------
CABS                                00000000    00000000 =           0. bytes (ABS,CON,CODE)

      Value  Global                              Global Defined In Module
      -----  --------------------------------   ------------------------
C:   00000000  l_BIT_BANK                      
C:   00000000  l_BSEG                          
C:   00000000  l_BSEG_BYTES                    
C:   00000000  l_CABS                          
C:   00000000  l_GSINIT                        
C:   00000000  l_GSINIT1                       
C:   00000000  l_GSINIT5                       
C:   00000000  l_IABS                          
C:   00000000  l_ISEG                          
C:   00000000  l_PSEG                          
C:   00000000  l_REG_BANK_1                    
C:   00000000  l_REG_BANK_2                    
C:   00000000  l_REG_BANK_3                    
C:   00000000  l_RSEG                          
C:   00000000  l_RSEG0                         
C:   00000000  l_RSEG1                         
C:   00000000  l_XABS                          
C:   00000000  l_XINIT                         
C:   00000000  l_XISEG                         
C:   00000000  l__CODE                         
C:   00000000  s_BSEG                          
C:   00000000  s_CABS                          
C:   00000000  s_DSEG                          
C:   00000000  s_HOME                          
C:   00000000  s_IABS                          
C:   00000000  s_ISEG                          
C:   00000000  s_REG_BANK_0                    
C:   00000000  s_RSEG                          
C:   00000000  s_RSEG0                         
C:   00000000  s_RSEG1                         
C:   00000000  s_XABS                          
C:   00000001  l_OSEG                          
C:   00000001  s_PSEG                          
C:   00000001  s_XSEG                          
C:   00000003  l_GSFINAL                       
C:   00000003  l_GSINIT0                       
C:   00000008  l_REG_BANK_0                    
C:   00000008  s_REG_BANK_1                    
C:   0000000A  l_GSINIT2                       
C:   00000010  s_REG_BANK_2                    
C:   00000018  s_BIT_BANK                      
C:   00000018  s_REG_BANK_3                    
C:   00000020  s_BSEG_BYTES                    
C:   00000020  s_OSEG                          
C:   00000020  s__CODE                         
C:   00000021  s_SSEG                          
C:   00000022  l_GSINIT3                       
C:   0000002A  l_GSINIT4                       
C:   00000034  l_HOME                          
C:   00000034  s_GSINIT0                       
ASxxxx Linker V03.00 + NoICE + sdld,  page 2.
Hexadecimal  [32-Bits]

Area                                    Addr        Size        Decimal Bytes (Attributes)
--------------------------------        ----        ----        ------- ----- ------------
CABS                                00000000    00000000 =           0. bytes (ABS,CON,CODE)

      Value  Global                              Global Defined In Module
      -----  --------------------------------   ------------------------
C:   00000037  s_GSINIT1                       
C:   00000037  s_GSINIT2                       
C:   00000041  s_GSINIT3                       
C:   00000063  s_GSINIT4                       
C:   00000080  l_DSEG                          
C:   0000008D  s_GSFINAL                       
C:   0000008D  s_GSINIT                        
C:   0000008D  s_GSINIT5                       
C:   00000090  s_CSEG                          
C:   000000BF  l_XSEG                          
C:   000000C0  s_XISEG                         
C:   000000DF  l_SSEG                          
C:   00000100  l_IRAM                          
C:   0000021B  l_CONST                         
C:   00001A65  l_CSEG                          
C:   00001AF5  s_CONST                         
C:   00001D10  s_XINIT                         

ASxxxx Linker V03.00 + NoICE + sdld,  page 3.
Hexadecimal  [32-Bits]

Area                                    Addr        Size        Decimal Bytes (Attributes)
--------------------------------        ----        ----        ------- ----- ------------
.  .ABS.                            00000000    00000000 =           0. bytes (ABS,CON)

      Value  Global                              Global Defined In Module
      -----  --------------------------------   ------------------------
     00000000  .__.ABS.                           _bp
     00000080  _P0                                support_functions
     00000080  _P0_0                              support_functions
     00000081  _P0_1                              support_functions
     00000081  _SP                                support_functions
     00000082  _DP0L                              support_functions
     00000082  _DPL                               support_functions
     00000082  _P0_2                              support_functions
     00000083  _DP0H                              support_functions
     00000083  _DPH                               support_functions
     00000083  _P0_3                              support_functions
     00000084  _P0_4                              support_functions
     00000085  _P0_5                              support_functions
     00000086  _P0_6                              support_functions
     00000087  _P0_7                              support_functions
     00000087  _PCON                              support_functions
     00000088  _IT0                               support_functions
     00000088  _TCON                              support_functions
     00000089  _IE0                               support_functions
     00000089  _TMOD                              support_functions
     0000008A  _IT1                               support_functions
     0000008A  _TL0                               support_functions
     0000008B  _IE1                               support_functions
     0000008B  _TL1                               support_functions
     0000008C  _TH0                               support_functions
     0000008C  _TR0                               support_functions
     0000008D  _TF0                               support_functions
     0000008D  _TH1                               support_functions
     0000008E  _AUXR                              support_functions
     0000008E  _TR1                               support_functions
     0000008F  _CKCON0                            support_functions
     0000008F  _TF1                               support_functions
     00000090  _P1                                support_functions
     00000090  _P1_0                              support_functions
     00000091  _P1_1                              support_functions
     00000092  _P1_2                              support_functions
     00000093  _P1_3                              support_functions
     00000094  _P1_4                              support_functions
     00000095  _P1_5                              support_functions
     00000096  _P1_6                              support_functions
     00000097  _CKRL                              support_functions
     00000097  _P1_7                              support_functions
     00000098  _RI                                support_functions
     00000098  _SCON                              support_functions
     00000099  _SBUF                              support_functions
     00000099  _SBUF0                             support_functions
     00000099  _TI                                support_functions
     0000009A  _BRL                               support_functions
     0000009A  _RB8                               support_functions
     0000009B  _BDRCON                            support_functions
ASxxxx Linker V03.00 + NoICE + sdld,  page 4.
Hexadecimal  [32-Bits]

Area                                    Addr        Size        Decimal Bytes (Attributes)
--------------------------------        ----        ----        ------- ----- ------------
.  .ABS.                            00000000    00000000 =           0. bytes (ABS,CON)

      Value  Global                              Global Defined In Module
      -----  --------------------------------   ------------------------
     0000009B  _TB8                               support_functions
     0000009C  _KBLS                              support_functions
     0000009C  _REN                               support_functions
     0000009D  _KBE                               support_functions
     0000009D  _SM2                               support_functions
     0000009E  _KBF                               support_functions
     0000009E  _SM1                               support_functions
     0000009F  _SM0                               support_functions
     000000A0  _P2                                support_functions
     000000A0  _P2_0                              support_functions
     000000A0  __XPAGE                            
     000000A1  _P2_1                              support_functions
     000000A2  _AUXR1                             support_functions
     000000A2  _P2_2                              support_functions
     000000A3  _P2_3                              support_functions
     000000A4  _P2_4                              support_functions
     000000A5  _P2_5                              support_functions
     000000A6  _P2_6                              support_functions
     000000A6  _WDTRST                            support_functions
     000000A7  _P2_7                              support_functions
     000000A7  _WDTPRG                            support_functions
     000000A8  _EX0                               support_functions
     000000A8  _IE                                support_functions
     000000A8  _IEN0                              support_functions
     000000A9  _ET0                               support_functions
     000000A9  _SADDR                             support_functions
     000000AA  _EX1                               support_functions
     000000AB  _ET1                               support_functions
     000000AC  _ES                                support_functions
     000000AD  _ET2                               support_functions
     000000AE  _EC                                support_functions
     000000AF  _CKCON1                            support_functions
     000000AF  _EA                                support_functions
     000000B0  _P3                                support_functions
     000000B0  _P3_0                              support_functions
     000000B0  _RXD                               support_functions
     000000B0  _RXD0                              support_functions
     000000B1  _IEN1                              support_functions
     000000B1  _P3_1                              support_functions
     000000B1  _TXD                               support_functions
     000000B1  _TXD0                              support_functions
     000000B2  _INT0                              support_functions
     000000B2  _IPL1                              support_functions
     000000B2  _P3_2                              support_functions
     000000B3  _INT1                              support_functions
     000000B3  _IPH1                              support_functions
     000000B3  _P3_3                              support_functions
     000000B4  _P3_4                              support_functions
     000000B4  _T0                                support_functions
     000000B5  _P3_5                              support_functions
     000000B5  _T1                                support_functions
ASxxxx Linker V03.00 + NoICE + sdld,  page 5.
Hexadecimal  [32-Bits]

Area                                    Addr        Size        Decimal Bytes (Attributes)
--------------------------------        ----        ----        ------- ----- ------------
.  .ABS.                            00000000    00000000 =           0. bytes (ABS,CON)

      Value  Global                              Global Defined In Module
      -----  --------------------------------   ------------------------
     000000B6  _P3_6                              support_functions
     000000B6  _WR                                support_functions
     000000B7  _IPH0                              support_functions
     000000B7  _P3_7                              support_functions
     000000B7  _RD                                support_functions
     000000B8  _IP                                support_functions
     000000B8  _IPL0                              support_functions
     000000B8  _PX0                               support_functions
     000000B8  _PX0L                              support_functions
     000000B9  _PT0                               support_functions
     000000B9  _PT0L                              support_functions
     000000B9  _SADEN                             support_functions
     000000BA  _PX1                               support_functions
     000000BA  _PX1L                              support_functions
     000000BB  _PT1                               support_functions
     000000BB  _PT1L                              support_functions
     000000BC  _PS                                support_functions
     000000BC  _PSL                               support_functions
     000000BD  _PT2                               support_functions
     000000BD  _PT2L                              support_functions
     000000BE  _PPCL                              support_functions
     000000C0  _P4                                support_functions
     000000C0  _P4_0                              support_functions
     000000C1  _P4_1                              support_functions
     000000C2  _P4_2                              support_functions
     000000C3  _P4_3                              support_functions
     000000C3  _SPCON                             support_functions
     000000C4  _P4_4                              support_functions
     000000C4  _SPSTA                             support_functions
     000000C5  _P4_5                              support_functions
     000000C5  _SPDAT                             support_functions
     000000C6  _P4_6                              support_functions
     000000C7  _P4_7                              support_functions
     000000C8  _CP_RL2                            support_functions
     000000C8  _T2CON                             support_functions
     000000C8  _T2CON_0                           support_functions
     000000C9  _C_T2                              support_functions
     000000C9  _T2CON_1                           support_functions
     000000C9  _T2MOD                             support_functions
     000000CA  _RCAP2L                            support_functions
     000000CA  _T2CON_2                           support_functions
     000000CA  _TR2                               support_functions
     000000CB  _EXEN2                             support_functions
     000000CB  _RCAP2H                            support_functions
     000000CB  _T2CON_3                           support_functions
     000000CC  _T2CON_4                           support_functions
     000000CC  _TCLK                              support_functions
     000000CC  _TL2                               support_functions
     000000CD  _RCLK                              support_functions
     000000CD  _T2CON_5                           support_functions
     000000CD  _TH2                               support_functions
ASxxxx Linker V03.00 + NoICE + sdld,  page 6.
Hexadecimal  [32-Bits]

Area                                    Addr        Size        Decimal Bytes (Attributes)
--------------------------------        ----        ----        ------- ----- ------------
.  .ABS.                            00000000    00000000 =           0. bytes (ABS,CON)

      Value  Global                              Global Defined In Module
      -----  --------------------------------   ------------------------
     000000CE  _EXF2                              support_functions
     000000CE  _T2CON_6                           support_functions
     000000CF  _T2CON_7                           support_functions
     000000CF  _TF2                               support_functions
     000000D0  _P                                 support_functions
     000000D0  _PSW                               support_functions
     000000D1  _F1                                support_functions
     000000D2  _EECON                             support_functions
     000000D2  _OV                                support_functions
     000000D3  _RS0                               support_functions
     000000D4  _RS1                               support_functions
     000000D5  _F0                                support_functions
     000000D6  _AC                                support_functions
     000000D7  _CY                                support_functions
     000000D8  _CCF0                              support_functions
     000000D8  _CCON                              support_functions
     000000D9  _CCF1                              support_functions
     000000D9  _CMOD                              support_functions
     000000DA  _CCAPM0                            support_functions
     000000DA  _CCF2                              support_functions
     000000DB  _CCAPM1                            support_functions
     000000DB  _CCF3                              support_functions
     000000DC  _CCAPM2                            support_functions
     000000DC  _CCF4                              support_functions
     000000DD  _CCAPM3                            support_functions
     000000DE  _CCAPM4                            support_functions
     000000DE  _CR                                support_functions
     000000DF  _CF                                support_functions
     000000E0  _ACC                               support_functions
     000000E8  _P5                                support_functions
     000000E8  _P5_0                              support_functions
     000000E9  _CL                                support_functions
     000000E9  _P5_1                              support_functions
     000000EA  _CCAP0L                            support_functions
     000000EA  _P5_2                              support_functions
     000000EB  _CCAP1L                            support_functions
     000000EB  _P5_3                              support_functions
     000000EC  _CCAP2L                            support_functions
     000000EC  _P5_4                              support_functions
     000000ED  _CCAP3L                            support_functions
     000000ED  _P5_5                              support_functions
     000000EE  _CCAP4L                            support_functions
     000000EE  _P5_6                              support_functions
     000000EF  _P5_7                              support_functions
     000000F0  _B                                 support_functions
     000000F0  _BREG_F0                           support_functions
     000000F1  _BREG_F1                           support_functions
     000000F2  _BREG_F2                           support_functions
     000000F3  _BREG_F3                           support_functions
     000000F4  _BREG_F4                           support_functions
     000000F5  _BREG_F5                           support_functions
ASxxxx Linker V03.00 + NoICE + sdld,  page 7.
Hexadecimal  [32-Bits]

Area                                    Addr        Size        Decimal Bytes (Attributes)
--------------------------------        ----        ----        ------- ----- ------------
.  .ABS.                            00000000    00000000 =           0. bytes (ABS,CON)

      Value  Global                              Global Defined In Module
      -----  --------------------------------   ------------------------
     000000F5  _B_5                               _gptrget
     000000F6  _BREG_F6                           support_functions
     000000F6  _B_6                               _gptrget
     000000F7  _BREG_F7                           support_functions
     000000F7  _B_7                               _gptrget
     000000F9  _CH                                support_functions
     000000FA  _CCAP0H                            support_functions
     000000FB  _CCAP1H                            support_functions
     000000FC  _CCAP2H                            support_functions
     000000FD  _CCAP3H                            support_functions
     000000FE  _CCAP4H                            support_functions

ASxxxx Linker V03.00 + NoICE + sdld,  page 8.
Hexadecimal  [32-Bits]

Area                                    Addr        Size        Decimal Bytes (Attributes)
--------------------------------        ----        ----        ------- ----- ------------
REG_BANK_0                          00000000    00000008 =           8. bytes (REL,OVR)

      Value  Global                              Global Defined In Module
      -----  --------------------------------   ------------------------
ASxxxx Linker V03.00 + NoICE + sdld,  page 9.
Hexadecimal  [32-Bits]

Area                                    Addr        Size        Decimal Bytes (Attributes)
--------------------------------        ----        ----        ------- ----- ------------
DSEG                                00000000    00000080 =         128. bytes (REL,CON)

      Value  Global                              Global Defined In Module
      -----  --------------------------------   ------------------------
     0000001F  _bp                                _bp

ASxxxx Linker V03.00 + NoICE + sdld,  page 10.
Hexadecimal  [32-Bits]

Area                                    Addr        Size        Decimal Bytes (Attributes)
--------------------------------        ----        ----        ------- ----- ------------
OSEG                                00000020    00000001 =           1. bytes (REL,OVR)

      Value  Global                              Global Defined In Module
      -----  --------------------------------   ------------------------
ASxxxx Linker V03.00 + NoICE + sdld,  page 11.
Hexadecimal  [32-Bits]

Area                                    Addr        Size        Decimal Bytes (Attributes)
--------------------------------        ----        ----        ------- ----- ------------
SSEG                                00000021    000000DF =         223. bytes (REL,OVR)

      Value  Global                              Global Defined In Module
      -----  --------------------------------   ------------------------
     00000021  __start__stack                     main

ASxxxx Linker V03.00 + NoICE + sdld,  page 12.
Hexadecimal  [32-Bits]

Area                                    Addr        Size        Decimal Bytes (Attributes)
--------------------------------        ----        ----        ------- ----- ------------
XSEG                                00000001    000000BF =         191. bytes (REL,CON,XDATA)

      Value  Global                              Global Defined In Module
      -----  --------------------------------   ------------------------
D:   00000001  _Write_Byte_To_EEPROM_PARM_2       eeprom
D:   00000006  _hexdump_PARM_2                    eeprom
D:   00000047  __divuint_PARM_2                   _divuint
D:   0000004E  _strtol_PARM_2                     strtol
D:   00000051  _strtol_PARM_3                     strtol
D:   0000005D  __gptrput_PARM_2                   _gptrput
D:   00000061  _strtoul_PARM_2                    strtoul
D:   00000064  _strtoul_PARM_3                    strtoul
D:   00000076  _strncmp_PARM_2                    _strncmp
D:   00000079  _strncmp_PARM_3                    _strncmp
D:   00000081  _vprintf_PARM_2                    vprintf
D:   00000096  __print_format_PARM_2              printf_large
D:   00000099  __print_format_PARM_3              printf_large
D:   0000009C  __print_format_PARM_4              printf_large
D:   000000B8  __mulint_PARM_2                    _mulint
D:   000000BA  __mullong_PARM_2                   _mullong
D:   000000BE  _errno                             errno

ASxxxx Linker V03.00 + NoICE + sdld,  page 13.
Hexadecimal  [32-Bits]

Area                                    Addr        Size        Decimal Bytes (Attributes)
--------------------------------        ----        ----        ------- ----- ------------
HOME                                00000000    00000034 =          52. bytes (REL,CON,CODE)

      Value  Global                              Global Defined In Module
      -----  --------------------------------   ------------------------
C:   00000003  __sdcc_program_startup             main
C:   00000006  ___gptr_cmp                        

ASxxxx Linker V03.00 + NoICE + sdld,  page 14.
Hexadecimal  [32-Bits]

Area                                    Addr        Size        Decimal Bytes (Attributes)
--------------------------------        ----        ----        ------- ----- ------------
GSINIT0                             00000034    00000003 =           3. bytes (REL,CON,CODE)

      Value  Global                              Global Defined In Module
      -----  --------------------------------   ------------------------
C:   00000034  __sdcc_gsinit_startup              

ASxxxx Linker V03.00 + NoICE + sdld,  page 15.
Hexadecimal  [32-Bits]

Area                                    Addr        Size        Decimal Bytes (Attributes)
--------------------------------        ----        ----        ------- ----- ------------
GSINIT2                             00000037    0000000A =          10. bytes (REL,CON,CODE)

      Value  Global                              Global Defined In Module
      -----  --------------------------------   ------------------------
ASxxxx Linker V03.00 + NoICE + sdld,  page 16.
Hexadecimal  [32-Bits]

Area                                    Addr        Size        Decimal Bytes (Attributes)
--------------------------------        ----        ----        ------- ----- ------------
GSINIT3                             00000041    00000022 =          34. bytes (REL,CON,CODE)

      Value  Global                              Global Defined In Module
      -----  --------------------------------   ------------------------
C:   00000041  __mcs51_genXINIT                   

ASxxxx Linker V03.00 + NoICE + sdld,  page 17.
Hexadecimal  [32-Bits]

Area                                    Addr        Size        Decimal Bytes (Attributes)
--------------------------------        ----        ----        ------- ----- ------------
GSINIT4                             00000063    0000002A =          42. bytes (REL,CON,CODE)

      Value  Global                              Global Defined In Module
      -----  --------------------------------   ------------------------
C:   00000063  __mcs51_genRAMCLEAR                
C:   00000069  __mcs51_genXRAMCLEAR               

ASxxxx Linker V03.00 + NoICE + sdld,  page 18.
Hexadecimal  [32-Bits]

Area                                    Addr        Size        Decimal Bytes (Attributes)
--------------------------------        ----        ----        ------- ----- ------------
GSFINAL                             0000008D    00000003 =           3. bytes (REL,CON,CODE)

      Value  Global                              Global Defined In Module
      -----  --------------------------------   ------------------------
ASxxxx Linker V03.00 + NoICE + sdld,  page 19.
Hexadecimal  [32-Bits]

Area                                    Addr        Size        Decimal Bytes (Attributes)
--------------------------------        ----        ----        ------- ----- ------------
CSEG                                00000090    00001A65 =        6757. bytes (REL,CON,CODE)

      Value  Global                              Global Defined In Module
      -----  --------------------------------   ------------------------
C:   00000090  _Write_Byte_To_EEPROM              eeprom
C:   000000CB  _Read_Byte_From_EEPROM             eeprom
C:   0000011E  _hexdump                           eeprom
C:   0000021A  _reset_eeprom                      eeprom
C:   00000259  ___delay_us                        i2c
C:   00000293  _InitI2C                           i2c
C:   00000298  _I2C_Start                         i2c
C:   000002AD  _I2C_ReStart                       i2c
C:   000002CD  _I2C_Stop                          i2c
C:   000002E8  _I2C_Send_ACK                      i2c
C:   00000300  _I2C_Send_NACK                     i2c
C:   00000318  _I2C_Write_Byte                    i2c
C:   00000395  _I2C_Read_Byte                     i2c
C:   000003E0  _main                              main
C:   00000643  _serial_init                       support_functions
C:   00000651  _checkAddress                      support_functions
C:   0000066F  _putchar                           support_functions
C:   00000696  _getchar                           support_functions
C:   000006AC  _putstr                            support_functions
C:   00000722  _getstr                            support_functions
C:   0000079B  __divuint                          _divuint
C:   00000828  _strtol                            strtol
C:   00000A55  __gptrput                          _gptrput
C:   00000AD5  _strtoul                           strtoul
C:   00000EB9  _strncmp                           _strncmp
C:   00000F6F  _puts                              puts
C:   00000FDE  _vprintf                           vprintf
C:   0000101D  _printf                            vprintf
C:   00001123  __print_format                     printf_large
C:   00001A31  _strlen                            _strlen
C:   00001A49  __mulint                           _mulint
C:   00001A69  __gptrget                          _gptrget
C:   00001A85  __mullong                          _mullong
C:   00001A85  __mullong_dummy                    _mullong
C:   00001AF1  __sdcc_external_startup            _startup

ASxxxx Linker V03.00 + NoICE + sdld,  page 20.
Hexadecimal  [32-Bits]

Area                                    Addr        Size        Decimal Bytes (Attributes)
--------------------------------        ----        ----        ------- ----- ------------
CONST                               00001AF5    0000021B =         539. bytes (REL,CON,CODE)

      Value  Global                              Global Defined In Module
      -----  --------------------------------   ------------------------
ASxxxx Linker V03.00 + NoICE + sdld,  page 21.

Files Linked                              [ module(s) ]

obj\Release\eeprom.rel                    [  ]
obj\Release\i2c.rel                       [  ]
obj\Release\main.rel                      [  ]
obj\Release\support_functions.rel         [  ]


Libraries Linked                          [ object file ]

C:\Program Files\SDCC\bin\..\lib\large/libint.lib
                                          [ _divuint.rel ]
C:\Program Files\SDCC\bin\..\lib\large/libsdcc.lib
                                          [ strtol.rel ]
C:\Program Files\SDCC\bin\..\lib\large/mcs51.lib
                                          [ crtclear.rel ]
C:\Program Files\SDCC\bin\..\lib\large/mcs51.lib
                                          [ crtxinit.rel ]
C:\Program Files\SDCC\bin\..\lib\large/libsdcc.lib
                                          [ _gptrput.rel ]
C:\Program Files\SDCC\bin\..\lib\large/libsdcc.lib
                                          [ strtoul.rel ]
C:\Program Files\SDCC\bin\..\lib\large/mcs51.lib
                                          [ crtxclear.rel ]
C:\Program Files\SDCC\bin\..\lib\large/libsdcc.lib
                                          [ _strncmp.rel ]
C:\Program Files\SDCC\bin\..\lib\large/libsdcc.lib
                                          [ puts.rel ]
C:\Program Files\SDCC\bin\..\lib\large/libsdcc.lib
                                          [ vprintf.rel ]
C:\Program Files\SDCC\bin\..\lib\large/libsdcc.lib
                                          [ printf_large.rel ]
C:\Program Files\SDCC\bin\..\lib\large/mcs51.lib
                                          [ crtpagesfr.rel ]
C:\Program Files\SDCC\bin\..\lib\large/libsdcc.lib
                                          [ _strlen.rel ]
C:\Program Files\SDCC\bin\..\lib\large/libint.lib
                                          [ _mulint.rel ]
C:\Program Files\SDCC\bin\..\lib\large/mcs51.lib
                                          [ gptr_cmp.rel ]
C:\Program Files\SDCC\bin\..\lib\large/mcs51.lib
                                          [ crtstart.rel ]
C:\Program Files\SDCC\bin\..\lib\large/libsdcc.lib
                                          [ _gptrget.rel ]
C:\Program Files\SDCC\bin\..\lib\large/liblong.lib
                                          [ _mullong.rel ]
C:\Program Files\SDCC\bin\..\lib\large/libfloat.lib
                                          [ errno.rel ]
C:\Program Files\SDCC\bin\..\lib\large/libsdcc.lib
                                          [ _startup.rel ]
C:\Program Files\SDCC\bin\..\lib\large/libsdcc.lib
                                          [ _bp.rel ]

ASxxxx Linker V03.00 + NoICE + sdld,  page 22.

User Base Address Definitions

HOME = 0x0000
XSEG = 0x0001
PSEG = 0x0001
ISEG = 0x0000
BSEG = 0x0000

