ASxxxx Linker V03.00 + NoICE + sdld,  page 1.
Hexadecimal  [32-Bits]

Area                                    Addr        Size        Decimal Bytes (Attributes)
--------------------------------        ----        ----        ------- ----- ------------
CABS                                00000000    00000000 =           0. bytes (ABS,CON,CODE)

      Value  Global                              Global Defined In Module
      -----  --------------------------------   ------------------------
C:   00000000  l_CABS                          
C:   00000000  l_GSINIT                        
C:   00000000  l_GSINIT1                       
C:   00000000  l_GSINIT5                       
C:   00000000  l_IABS                          
C:   00000000  l_ISEG                          
C:   00000000  l_PSEG                          
C:   00000000  l_REG_BANK_1                    
C:   00000000  l_REG_BANK_2                    
C:   00000000  l_REG_BANK_3                    
C:   00000000  l_RSEG                          
C:   00000000  l_RSEG0                         
C:   00000000  l_RSEG1                         
C:   00000000  l_XABS                          
C:   00000000  l__CODE                         
C:   00000000  s_BSEG                          
C:   00000000  s_CABS                          
C:   00000000  s_DSEG                          
C:   00000000  s_HOME                          
C:   00000000  s_IABS                          
C:   00000000  s_ISEG                          
C:   00000000  s_REG_BANK_0                    
C:   00000000  s_RSEG                          
C:   00000000  s_RSEG0                         
C:   00000000  s_RSEG1                         
C:   00000000  s_XABS                          
C:   00000001  l_BIT_BANK                      
C:   00000001  l_BSEG_BYTES                    
C:   00000001  l_OSEG                          
C:   00000001  s_PSEG                          
C:   00000001  s_XSEG                          
C:   00000002  l_BSEG                          
C:   00000003  l_GSFINAL                       
C:   00000003  l_GSINIT0                       
C:   00000008  l_REG_BANK_0                    
C:   00000008  s_REG_BANK_1                    
C:   0000000A  l_GSINIT2                       
C:   00000010  l_XINIT                         
C:   00000010  l_XISEG                         
C:   00000010  s_REG_BANK_2                    
C:   00000018  s_REG_BANK_3                    
C:   00000020  s_BSEG_BYTES                    
C:   00000020  s__CODE                         
C:   00000021  s_BIT_BANK                      
C:   00000022  l_GSINIT3                       
C:   00000022  s_OSEG                          
C:   00000023  s_SSEG                          
C:   0000002A  l_GSINIT4                       
C:   00000067  l_HOME                          
C:   00000067  s_GSINIT0                       
ASxxxx Linker V03.00 + NoICE + sdld,  page 2.
Hexadecimal  [32-Bits]

Area                                    Addr        Size        Decimal Bytes (Attributes)
--------------------------------        ----        ----        ------- ----- ------------
CABS                                00000000    00000000 =           0. bytes (ABS,CON,CODE)

      Value  Global                              Global Defined In Module
      -----  --------------------------------   ------------------------
C:   0000006A  s_GSINIT1                       
C:   0000006A  s_GSINIT2                       
C:   00000074  s_GSINIT3                       
C:   00000080  l_DSEG                          
C:   00000096  s_GSINIT4                       
C:   000000C0  s_GSFINAL                       
C:   000000C0  s_GSINIT                        
C:   000000C0  s_GSINIT5                       
C:   000000C3  s_CSEG                          
C:   000000DD  l_SSEG                          
C:   000000F4  l_XSEG                          
C:   000000F5  s_XISEG                         
C:   00000100  l_IRAM                          
C:   0000030E  l_CONST                         
C:   00001F51  l_CSEG                          
C:   00002014  s_CONST                         
C:   00002322  s_XINIT                         

ASxxxx Linker V03.00 + NoICE + sdld,  page 3.
Hexadecimal  [32-Bits]

Area                                    Addr        Size        Decimal Bytes (Attributes)
--------------------------------        ----        ----        ------- ----- ------------
.  .ABS.                            00000000    00000000 =           0. bytes (ABS,CON)

      Value  Global                              Global Defined In Module
      -----  --------------------------------   ------------------------
     00000000  .__.ABS.                           _bp
     00000080  _P0                                timer
     00000080  _P0_0                              timer
     00000081  _P0_1                              timer
     00000081  _SP                                timer
     00000082  _DP0L                              timer
     00000082  _DPL                               timer
     00000082  _P0_2                              timer
     00000083  _DP0H                              timer
     00000083  _DPH                               timer
     00000083  _P0_3                              timer
     00000084  _P0_4                              timer
     00000085  _P0_5                              timer
     00000086  _P0_6                              timer
     00000087  _P0_7                              timer
     00000087  _PCON                              timer
     00000088  _IT0                               timer
     00000088  _TCON                              timer
     00000089  _IE0                               timer
     00000089  _TMOD                              timer
     0000008A  _IT1                               timer
     0000008A  _TL0                               timer
     0000008B  _IE1                               timer
     0000008B  _TL1                               timer
     0000008C  _TH0                               timer
     0000008C  _TR0                               timer
     0000008D  _TF0                               timer
     0000008D  _TH1                               timer
     0000008E  _AUXR                              timer
     0000008E  _TR1                               timer
     0000008F  _CKCON0                            timer
     0000008F  _TF1                               timer
     00000090  _P1                                timer
     00000090  _P1_0                              timer
     00000091  _P1_1                              timer
     00000092  _P1_2                              timer
     00000093  _P1_3                              timer
     00000094  _P1_4                              timer
     00000095  _P1_5                              timer
     00000096  _P1_6                              timer
     00000097  _CKRL                              timer
     00000097  _P1_7                              timer
     00000098  _RI                                timer
     00000098  _SCON                              timer
     00000099  _SBUF                              timer
     00000099  _SBUF0                             timer
     00000099  _TI                                timer
     0000009A  _BRL                               timer
     0000009A  _RB8                               timer
     0000009B  _BDRCON                            timer
ASxxxx Linker V03.00 + NoICE + sdld,  page 4.
Hexadecimal  [32-Bits]

Area                                    Addr        Size        Decimal Bytes (Attributes)
--------------------------------        ----        ----        ------- ----- ------------
.  .ABS.                            00000000    00000000 =           0. bytes (ABS,CON)

      Value  Global                              Global Defined In Module
      -----  --------------------------------   ------------------------
     0000009B  _TB8                               timer
     0000009C  _KBLS                              timer
     0000009C  _REN                               timer
     0000009D  _KBE                               timer
     0000009D  _SM2                               timer
     0000009E  _KBF                               timer
     0000009E  _SM1                               timer
     0000009F  _SM0                               timer
     000000A0  _P2                                timer
     000000A0  _P2_0                              timer
     000000A0  __XPAGE                            
     000000A1  _P2_1                              timer
     000000A2  _AUXR1                             timer
     000000A2  _P2_2                              timer
     000000A3  _P2_3                              timer
     000000A4  _P2_4                              timer
     000000A5  _P2_5                              timer
     000000A6  _P2_6                              timer
     000000A6  _WDTRST                            timer
     000000A7  _P2_7                              timer
     000000A7  _WDTPRG                            timer
     000000A8  _EX0                               timer
     000000A8  _IE                                timer
     000000A8  _IEN0                              timer
     000000A9  _ET0                               timer
     000000A9  _SADDR                             timer
     000000AA  _EX1                               timer
     000000AB  _ET1                               timer
     000000AC  _ES                                timer
     000000AD  _ET2                               timer
     000000AE  _EC                                timer
     000000AF  _CKCON1                            timer
     000000AF  _EA                                timer
     000000B0  _P3                                timer
     000000B0  _P3_0                              timer
     000000B0  _RXD                               timer
     000000B0  _RXD0                              timer
     000000B1  _IEN1                              timer
     000000B1  _P3_1                              timer
     000000B1  _TXD                               timer
     000000B1  _TXD0                              timer
     000000B2  _INT0                              timer
     000000B2  _IPL1                              timer
     000000B2  _P3_2                              timer
     000000B3  _INT1                              timer
     000000B3  _IPH1                              timer
     000000B3  _P3_3                              timer
     000000B4  _P3_4                              timer
     000000B4  _T0                                timer
     000000B5  _P3_5                              timer
     000000B5  _T1                                timer
ASxxxx Linker V03.00 + NoICE + sdld,  page 5.
Hexadecimal  [32-Bits]

Area                                    Addr        Size        Decimal Bytes (Attributes)
--------------------------------        ----        ----        ------- ----- ------------
.  .ABS.                            00000000    00000000 =           0. bytes (ABS,CON)

      Value  Global                              Global Defined In Module
      -----  --------------------------------   ------------------------
     000000B6  _P3_6                              timer
     000000B6  _WR                                timer
     000000B7  _IPH0                              timer
     000000B7  _P3_7                              timer
     000000B7  _RD                                timer
     000000B8  _IP                                timer
     000000B8  _IPL0                              timer
     000000B8  _PX0                               timer
     000000B8  _PX0L                              timer
     000000B9  _PT0                               timer
     000000B9  _PT0L                              timer
     000000B9  _SADEN                             timer
     000000BA  _PX1                               timer
     000000BA  _PX1L                              timer
     000000BB  _PT1                               timer
     000000BB  _PT1L                              timer
     000000BC  _PS                                timer
     000000BC  _PSL                               timer
     000000BD  _PT2                               timer
     000000BD  _PT2L                              timer
     000000BE  _PPCL                              timer
     000000C0  _P4                                timer
     000000C0  _P4_0                              timer
     000000C1  _P4_1                              timer
     000000C2  _P4_2                              timer
     000000C3  _P4_3                              timer
     000000C3  _SPCON                             timer
     000000C4  _P4_4                              timer
     000000C4  _SPSTA                             timer
     000000C5  _P4_5                              timer
     000000C5  _SPDAT                             timer
     000000C6  _P4_6                              timer
     000000C7  _P4_7                              timer
     000000C8  _CP_RL2                            timer
     000000C8  _T2CON                             timer
     000000C8  _T2CON_0                           timer
     000000C9  _C_T2                              timer
     000000C9  _T2CON_1                           timer
     000000C9  _T2MOD                             timer
     000000CA  _RCAP2L                            timer
     000000CA  _T2CON_2                           timer
     000000CA  _TR2                               timer
     000000CB  _EXEN2                             timer
     000000CB  _RCAP2H                            timer
     000000CB  _T2CON_3                           timer
     000000CC  _T2CON_4                           timer
     000000CC  _TCLK                              timer
     000000CC  _TL2                               timer
     000000CD  _RCLK                              timer
     000000CD  _T2CON_5                           timer
     000000CD  _TH2                               timer
ASxxxx Linker V03.00 + NoICE + sdld,  page 6.
Hexadecimal  [32-Bits]

Area                                    Addr        Size        Decimal Bytes (Attributes)
--------------------------------        ----        ----        ------- ----- ------------
.  .ABS.                            00000000    00000000 =           0. bytes (ABS,CON)

      Value  Global                              Global Defined In Module
      -----  --------------------------------   ------------------------
     000000CE  _EXF2                              timer
     000000CE  _T2CON_6                           timer
     000000CF  _T2CON_7                           timer
     000000CF  _TF2                               timer
     000000D0  _P                                 timer
     000000D0  _PSW                               timer
     000000D1  _F1                                timer
     000000D2  _EECON                             timer
     000000D2  _OV                                timer
     000000D3  _RS0                               timer
     000000D4  _RS1                               timer
     000000D5  _F0                                timer
     000000D6  _AC                                timer
     000000D7  _CY                                timer
     000000D8  _CCF0                              timer
     000000D8  _CCON                              timer
     000000D9  _CCF1                              timer
     000000D9  _CMOD                              timer
     000000DA  _CCAPM0                            timer
     000000DA  _CCF2                              timer
     000000DB  _CCAPM1                            timer
     000000DB  _CCF3                              timer
     000000DC  _CCAPM2                            timer
     000000DC  _CCF4                              timer
     000000DD  _CCAPM3                            timer
     000000DE  _CCAPM4                            timer
     000000DE  _CR                                timer
     000000DF  _CF                                timer
     000000E0  _ACC                               timer
     000000E8  _P5                                timer
     000000E8  _P5_0                              timer
     000000E9  _CL                                timer
     000000E9  _P5_1                              timer
     000000EA  _CCAP0L                            timer
     000000EA  _P5_2                              timer
     000000EB  _CCAP1L                            timer
     000000EB  _P5_3                              timer
     000000EC  _CCAP2L                            timer
     000000EC  _P5_4                              timer
     000000ED  _CCAP3L                            timer
     000000ED  _P5_5                              timer
     000000EE  _CCAP4L                            timer
     000000EE  _P5_6                              timer
     000000EF  _P5_7                              timer
     000000F0  _B                                 timer
     000000F0  _BREG_F0                           timer
     000000F1  _BREG_F1                           timer
     000000F2  _BREG_F2                           timer
     000000F3  _BREG_F3                           timer
     000000F4  _BREG_F4                           timer
     000000F5  _BREG_F5                           timer
ASxxxx Linker V03.00 + NoICE + sdld,  page 7.
Hexadecimal  [32-Bits]

Area                                    Addr        Size        Decimal Bytes (Attributes)
--------------------------------        ----        ----        ------- ----- ------------
.  .ABS.                            00000000    00000000 =           0. bytes (ABS,CON)

      Value  Global                              Global Defined In Module
      -----  --------------------------------   ------------------------
     000000F5  _B_5                               _gptrget
     000000F6  _BREG_F6                           timer
     000000F6  _B_6                               _gptrget
     000000F7  _BREG_F7                           timer
     000000F7  _B_7                               _gptrget
     000000F9  _CH                                timer
     000000FA  _CCAP0H                            timer
     000000FB  _CCAP1H                            timer
     000000FC  _CCAP2H                            timer
     000000FD  _CCAP3H                            timer
     000000FE  _CCAP4H                            timer

ASxxxx Linker V03.00 + NoICE + sdld,  page 8.
Hexadecimal  [32-Bits]

Area                                    Addr        Size        Decimal Bytes (Attributes)
--------------------------------        ----        ----        ------- ----- ------------
BSEG_BYTES                          00000020    00000001 =           1. bytes (REL,CON)

      Value  Global                              Global Defined In Module
      -----  --------------------------------   ------------------------
ASxxxx Linker V03.00 + NoICE + sdld,  page 9.
Hexadecimal  [32-Bits]

Area                                    Addr        Size        Decimal Bytes (Attributes)
--------------------------------        ----        ----        ------- ----- ------------
REG_BANK_0                          00000000    00000008 =           8. bytes (REL,OVR)

      Value  Global                              Global Defined In Module
      -----  --------------------------------   ------------------------
ASxxxx Linker V03.00 + NoICE + sdld,  page 10.
Hexadecimal  [32-Bits]

Area                                    Addr        Size        Decimal Bytes (Attributes)
--------------------------------        ----        ----        ------- ----- ------------
BIT_BANK                            00000021    00000001 =           1. bytes (REL,OVR)

      Value  Global                              Global Defined In Module
      -----  --------------------------------   ------------------------
ASxxxx Linker V03.00 + NoICE + sdld,  page 11.
Hexadecimal  [32-Bits]

Area                                    Addr        Size        Decimal Bytes (Attributes)
--------------------------------        ----        ----        ------- ----- ------------
DSEG                                00000000    00000080 =         128. bytes (REL,CON)

      Value  Global                              Global Defined In Module
      -----  --------------------------------   ------------------------
     0000001F  _bp                                _bp

ASxxxx Linker V03.00 + NoICE + sdld,  page 12.
Hexadecimal  [32-Bits]

Area                                    Addr        Size        Decimal Bytes (Attributes)
--------------------------------        ----        ----        ------- ----- ------------
OSEG                                00000022    00000001 =           1. bytes (REL,OVR)

      Value  Global                              Global Defined In Module
      -----  --------------------------------   ------------------------
ASxxxx Linker V03.00 + NoICE + sdld,  page 13.
Hexadecimal  [32-Bits]

Area                                    Addr        Size        Decimal Bytes (Attributes)
--------------------------------        ----        ----        ------- ----- ------------
SSEG                                00000023    000000DD =         221. bytes (REL,OVR)

      Value  Global                              Global Defined In Module
      -----  --------------------------------   ------------------------
     00000023  __start__stack                     main

ASxxxx Linker V03.00 + NoICE + sdld,  page 14.
Hexadecimal  [32-Bits]

Area                                    Addr        Size        Decimal Bytes (Attributes)
--------------------------------        ----        ----        ------- ----- ------------
XSEG                                00000001    000000F4 =         244. bytes (REL,CON,XDATA)

      Value  Global                              Global Defined In Module
      -----  --------------------------------   ------------------------
D:   0000000A  _lcdgotoxy_PARM_2                  lcd_functions
D:   0000005F  _sms100counter                     timer
D:   00000064  _ssecCounter                       timer
D:   00000069  _sminCounter                       timer
D:   0000006E  _tostring_PARM_2                   timer
D:   00000073  __divuint_PARM_2                   _divuint
D:   0000007A  _strtol_PARM_2                     strtol
D:   0000007D  _strtol_PARM_3                     strtol
D:   00000089  __gptrput_PARM_2                   _gptrput
D:   0000008D  _strtoul_PARM_2                    strtoul
D:   00000090  _strtoul_PARM_3                    strtoul
D:   000000A2  __modsint_PARM_2                   _modsint
D:   000000A6  __moduint_PARM_2                   _moduint
D:   000000AB  _strncmp_PARM_2                    _strncmp
D:   000000AE  _strncmp_PARM_3                    _strncmp
D:   000000B6  _vprintf_PARM_2                    vprintf
D:   000000CB  __print_format_PARM_2              printf_large
D:   000000CE  __print_format_PARM_3              printf_large
D:   000000D1  __print_format_PARM_4              printf_large
D:   000000ED  __mulint_PARM_2                    _mulint
D:   000000EF  __mullong_PARM_2                   _mullong
D:   000000F3  _errno                             errno

ASxxxx Linker V03.00 + NoICE + sdld,  page 15.
Hexadecimal  [32-Bits]

Area                                    Addr        Size        Decimal Bytes (Attributes)
--------------------------------        ----        ----        ------- ----- ------------
XISEG                               000000F5    00000010 =          16. bytes (REL,CON,XDATA)

      Value  Global                              Global Defined In Module
      -----  --------------------------------   ------------------------
D:   000000F5  _ptr                               lcd_functions
D:   000000F8  _CursorPtr                         lcd_functions
D:   000000F9  _busy_flag                         lcd_functions
D:   000000FC  _displayFlag                       main
D:   000000FE  _msCounter                         timer
D:   00000100  _ms100counter                      timer
D:   00000101  _secCounter                        timer
D:   00000103  _minCounter                        timer

ASxxxx Linker V03.00 + NoICE + sdld,  page 16.
Hexadecimal  [32-Bits]

Area                                    Addr        Size        Decimal Bytes (Attributes)
--------------------------------        ----        ----        ------- ----- ------------
HOME                                00000000    00000067 =         103. bytes (REL,CON,CODE)

      Value  Global                              Global Defined In Module
      -----  --------------------------------   ------------------------
C:   00000036  __sdcc_program_startup             main
C:   00000039  ___gptr_cmp                        

ASxxxx Linker V03.00 + NoICE + sdld,  page 17.
Hexadecimal  [32-Bits]

Area                                    Addr        Size        Decimal Bytes (Attributes)
--------------------------------        ----        ----        ------- ----- ------------
GSINIT0                             00000067    00000003 =           3. bytes (REL,CON,CODE)

      Value  Global                              Global Defined In Module
      -----  --------------------------------   ------------------------
C:   00000067  __sdcc_gsinit_startup              

ASxxxx Linker V03.00 + NoICE + sdld,  page 18.
Hexadecimal  [32-Bits]

Area                                    Addr        Size        Decimal Bytes (Attributes)
--------------------------------        ----        ----        ------- ----- ------------
GSINIT2                             0000006A    0000000A =          10. bytes (REL,CON,CODE)

      Value  Global                              Global Defined In Module
      -----  --------------------------------   ------------------------
ASxxxx Linker V03.00 + NoICE + sdld,  page 19.
Hexadecimal  [32-Bits]

Area                                    Addr        Size        Decimal Bytes (Attributes)
--------------------------------        ----        ----        ------- ----- ------------
GSINIT3                             00000074    00000022 =          34. bytes (REL,CON,CODE)

      Value  Global                              Global Defined In Module
      -----  --------------------------------   ------------------------
C:   00000074  __mcs51_genXINIT                   

ASxxxx Linker V03.00 + NoICE + sdld,  page 20.
Hexadecimal  [32-Bits]

Area                                    Addr        Size        Decimal Bytes (Attributes)
--------------------------------        ----        ----        ------- ----- ------------
GSINIT4                             00000096    0000002A =          42. bytes (REL,CON,CODE)

      Value  Global                              Global Defined In Module
      -----  --------------------------------   ------------------------
C:   00000096  __mcs51_genRAMCLEAR                
C:   0000009C  __mcs51_genXRAMCLEAR               

ASxxxx Linker V03.00 + NoICE + sdld,  page 21.
Hexadecimal  [32-Bits]

Area                                    Addr        Size        Decimal Bytes (Attributes)
--------------------------------        ----        ----        ------- ----- ------------
GSFINAL                             000000C0    00000003 =           3. bytes (REL,CON,CODE)

      Value  Global                              Global Defined In Module
      -----  --------------------------------   ------------------------
ASxxxx Linker V03.00 + NoICE + sdld,  page 22.
Hexadecimal  [32-Bits]

Area                                    Addr        Size        Decimal Bytes (Attributes)
--------------------------------        ----        ----        ------- ----- ------------
CSEG                                000000C3    00001F51 =        8017. bytes (REL,CON,CODE)

      Value  Global                              Global Defined In Module
      -----  --------------------------------   ------------------------
C:   000000C3  _delay                             lcd_functions
C:   000000F4  _lcdbusywait                       lcd_functions
C:   0000011F  _lcd_cmd                           lcd_functions
C:   00000146  _lcd_init                          lcd_functions
C:   000001A1  _lcdputch_timer                    lcd_functions
C:   000001CF  _lcdputch                          lcd_functions
C:   0000023C  _lcdgotoaddress                    lcd_functions
C:   00000254  _lcdputstr                         lcd_functions
C:   000002AA  _lcdclear                          lcd_functions
C:   000002C2  _lcdgotoxy                         lcd_functions
C:   0000033D  _current_position                  lcd_functions
C:   0000035C  _lcdgetch                          lcd_functions
C:   00000386  _hexdump                           lcd_functions
C:   00000466  _timer_init                        main
C:   0000047B  _Timer0_ISR                        main
C:   000004E1  _main                              main
C:   000007DB  _serial_init                       support_functions
C:   000007E9  _putchar                           support_functions
C:   00000810  _getchar                           support_functions
C:   00000826  _putstr                            support_functions
C:   0000089C  _getstr                            support_functions
C:   00000915  _updateTimeCounters                timer
C:   00000984  _tostring                          timer
C:   000009D8  _display_clock                     timer
C:   00000B8E  _resetClock                        timer
C:   00000BA6  __divuint                          _divuint
C:   00000C33  _strtol                            strtol
C:   00000E60  __gptrput                          _gptrput
C:   00000EE0  _strtoul                           strtoul
C:   000012C4  __modsint                          _modsint
C:   0000132C  __moduint                          _moduint
C:   000013D8  _strncmp                           _strncmp
C:   0000148E  _puts                              puts
C:   000014FD  _vprintf                           vprintf
C:   0000153C  _printf                            vprintf
C:   00001642  __print_format                     printf_large
C:   00001F50  _strlen                            _strlen
C:   00001F68  __mulint                           _mulint
C:   00001F88  __gptrget                          _gptrget
C:   00001FA4  __mullong                          _mullong
C:   00001FA4  __mullong_dummy                    _mullong
C:   00002010  __sdcc_external_startup            _startup
ASxxxx Linker V03.00 + NoICE + sdld,  page 23.
Hexadecimal  [32-Bits]

Area                                    Addr        Size        Decimal Bytes (Attributes)
--------------------------------        ----        ----        ------- ----- ------------
CONST                               00002014    0000030E =         782. bytes (REL,CON,CODE)

      Value  Global                              Global Defined In Module
      -----  --------------------------------   ------------------------
ASxxxx Linker V03.00 + NoICE + sdld,  page 24.
Hexadecimal  [32-Bits]

Area                                    Addr        Size        Decimal Bytes (Attributes)
--------------------------------        ----        ----        ------- ----- ------------
XINIT                               00002322    00000010 =          16. bytes (REL,CON,CODE)

      Value  Global                              Global Defined In Module
      -----  --------------------------------   ------------------------
ASxxxx Linker V03.00 + NoICE + sdld,  page 25.

Files Linked                              [ module(s) ]

obj\Release\lcd_functions.rel             [  ]
obj\Release\main.rel                      [  ]
obj\Release\support_functions.rel         [  ]
obj\Release\timer.rel                     [  ]


Libraries Linked                          [ object file ]

C:\Program Files\SDCC\bin\..\lib\large/libint.lib
                                          [ _divuint.rel ]
C:\Program Files\SDCC\bin\..\lib\large/libsdcc.lib
                                          [ strtol.rel ]
C:\Program Files\SDCC\bin\..\lib\large/mcs51.lib
                                          [ crtclear.rel ]
C:\Program Files\SDCC\bin\..\lib\large/mcs51.lib
                                          [ crtxinit.rel ]
C:\Program Files\SDCC\bin\..\lib\large/libsdcc.lib
                                          [ _gptrput.rel ]
C:\Program Files\SDCC\bin\..\lib\large/libsdcc.lib
                                          [ strtoul.rel ]
C:\Program Files\SDCC\bin\..\lib\large/libint.lib
                                          [ _modsint.rel ]
C:\Program Files\SDCC\bin\..\lib\large/libint.lib
                                          [ _moduint.rel ]
C:\Program Files\SDCC\bin\..\lib\large/mcs51.lib
                                          [ crtxclear.rel ]
C:\Program Files\SDCC\bin\..\lib\large/libsdcc.lib
                                          [ _strncmp.rel ]
C:\Program Files\SDCC\bin\..\lib\large/libsdcc.lib
                                          [ puts.rel ]
C:\Program Files\SDCC\bin\..\lib\large/libsdcc.lib
                                          [ vprintf.rel ]
C:\Program Files\SDCC\bin\..\lib\large/libsdcc.lib
                                          [ printf_large.rel ]
C:\Program Files\SDCC\bin\..\lib\large/mcs51.lib
                                          [ crtpagesfr.rel ]
C:\Program Files\SDCC\bin\..\lib\large/libsdcc.lib
                                          [ _strlen.rel ]
C:\Program Files\SDCC\bin\..\lib\large/libint.lib
                                          [ _mulint.rel ]
C:\Program Files\SDCC\bin\..\lib\large/mcs51.lib
                                          [ gptr_cmp.rel ]
C:\Program Files\SDCC\bin\..\lib\large/mcs51.lib
                                          [ crtstart.rel ]
C:\Program Files\SDCC\bin\..\lib\large/libsdcc.lib
                                          [ _gptrget.rel ]
C:\Program Files\SDCC\bin\..\lib\large/liblong.lib
                                          [ _mullong.rel ]
C:\Program Files\SDCC\bin\..\lib\large/libfloat.lib
                                          [ errno.rel ]
C:\Program Files\SDCC\bin\..\lib\large/libsdcc.lib
                                          [ _startup.rel ]
C:\Program Files\SDCC\bin\..\lib\large/libsdcc.lib
                                          [ _bp.rel ]

ASxxxx Linker V03.00 + NoICE + sdld,  page 26.

User Base Address Definitions

HOME = 0x0000
XSEG = 0x0001
PSEG = 0x0001
ISEG = 0x0000
BSEG = 0x0000

